2026-09-12 00:04:21.903 +07 [235627] LOG:  starting PostgreSQL 18.6 (Ubuntu 18.6-0ubuntu0.26.04.1) on x86_64-pc-linux-gnu, compiled by gcc (Ubuntu 15.2.0-16ubuntu1) 15.2.0, 64-bit
2026-09-12 00:04:21.905 +07 [235627] LOG:  listening on Unix socket "/home/nht/Downloads/github_H-Thanh0603/shoe_v2/.pgsock/.s.PGSQL.5433"
2026-09-12 00:04:21.916 +07 [235633] LOG:  database system was shut down at 2026-09-12 00:04:15 +07
2026-09-12 00:04:21.925 +07 [235627] LOG:  database system is ready to accept connections
2026-09-12 00:06:46.772 +07 [239761] ERROR:  syntax error at or near "//" at character 1
2026-09-12 00:06:46.772 +07 [239761] STATEMENT:  // ============================================================
	// KINESIS / ATELIER — database migration 001 (audit + checkpoints)
	// Applies cleanly on an empty Postgres 18 database.
	// Run:  psql "$DATABASE_URL" -f db/migrations/001_agent.sql
	// ============================================================
	-- ---------- agent_audit : every tool call, append-only ----------
	CREATE TABLE IF NOT EXISTS agent_audit (
	  id          BIGSERIAL PRIMARY KEY,
	  ts          TIMESTAMPTZ NOT NULL DEFAULT now(),
	  tool        TEXT NOT NULL,             -- e.g. searchShoes, createOrder
	  method      TEXT NOT NULL DEFAULT 'GET',
	  status      TEXT NOT NULL,             -- e.g. 200, 202, 402, 403
	  ms          INTEGER NOT NULL DEFAULT 0,
	  actor       TEXT NOT NULL DEFAULT 'anonymous'
	);
2026-09-12 00:09:22.015 +07 [235631] LOG:  checkpoint starting: time
2026-09-12 00:11:00.559 +07 [235631] LOG:  checkpoint complete: wrote 980 buffers (6.0%), wrote 3 SLRU buffers; 0 WAL file(s) added, 0 removed, 0 recycled; write=98.501 s, sync=0.032 s, total=98.545 s; sync files=327, longest=0.006 s, average=0.001 s; distance=4615 kB, estimate=4615 kB; lsn=0/1BEC2D0, redo lsn=0/1BEC240
2026-09-12 00:14:22.659 +07 [235631] LOG:  checkpoint starting: time
2026-09-12 00:14:25.306 +07 [235631] LOG:  checkpoint complete: wrote 26 buffers (0.2%), wrote 1 SLRU buffers; 0 WAL file(s) added, 0 removed, 0 recycled; write=2.624 s, sync=0.012 s, total=2.648 s; sync files=17, longest=0.008 s, average=0.001 s; distance=55 kB, estimate=4159 kB; lsn=0/1BFAFD0, redo lsn=0/1BFA118
2026-09-12 09:24:57.597 +07 [235627] LOG:  received smart shutdown request
2026-09-12 09:24:57.602 +07 [235627] LOG:  background worker "logical replication launcher" (PID 235636) exited with exit code 1
2026-09-12 09:24:57.605 +07 [235631] LOG:  shutting down
2026-09-12 09:24:57.607 +07 [235631] LOG:  checkpoint starting: shutdown immediate
2026-09-12 09:24:57.623 +07 [235631] LOG:  checkpoint complete: wrote 6 buffers (0.0%), wrote 1 SLRU buffers; 0 WAL file(s) added, 0 removed, 0 recycled; write=0.009 s, sync=0.003 s, total=0.018 s; sync files=7, longest=0.002 s, average=0.001 s; distance=3 kB, estimate=3743 kB; lsn=0/1BFB080, redo lsn=0/1BFB080
2026-09-12 09:24:57.649 +07 [235627] LOG:  database system is shut down
